// Jest Snapshot v1, https://goo.gl/fbAQLP

exports[`Testing Home Component should render properly 1`] = `ReactWrapper {}`;
