// Jest Snapshot v1, https://goo.gl/fbAQLP

exports[`Testing Modal Component should render properly 1`] = `ShallowWrapper {}`;
